⚠ [8264/8285] Replayed NS_Millennium_Proof.Modules.NS_Equations
warning: NS_Millennium_Proof/Modules/NS_Equations.lean:67:31: declaration uses `sorry`
warning: NS_Millennium_Proof/Modules/NS_Equations.lean:70:17: declaration uses `sorry`
warning: NS_Millennium_Proof/Modules/NS_Equations.lean:72:17: declaration uses `sorry`
warning: NS_Millennium_Proof/Modules/NS_Equations.lean:88:11: declaration uses `sorry`
warning: NS_Millennium_Proof/Modules/NS_Equations.lean:91:11: declaration uses `sorry`
warning: NS_Millennium_Proof/Modules/NS_Equations.lean:98:11: declaration uses `sorry`
warning: NS_Millennium_Proof/Modules/NS_Equations.lean:105:11: declaration uses `sorry`
warning: NS_Millennium_Proof/Modules/NS_Equations.lean:116:11: declaration uses `sorry`
warning: NS_Millennium_Proof/Modules/NS_Equations.lean:119:11: declaration uses `sorry`
warning: NS_Millennium_Proof/Modules/NS_Equations.lean:149:15: declaration uses `sorry`
warning: NS_Millennium_Proof/Modules/NS_Equations.lean:173:15: declaration uses `sorry`
warning: NS_Millennium_Proof/Modules/NS_Equations.lean:181:11: declaration uses `sorry`
warning: NS_Millennium_Proof/Modules/NS_Equations.lean:209:2: declaration uses `sorry`
warning: NS_Millennium_Proof/Modules/NS_Equations.lean:193:15: declaration uses `sorry`
⚠ [8265/8285] Replayed NS_Millennium_Proof.Modules.ArnoldGeometric
warning: NS_Millennium_Proof/Modules/ArnoldGeometric.lean:151:11: declaration uses `sorry`
warning: NS_Millennium_Proof/Modules/ArnoldGeometric.lean:165:11: declaration uses `sorry`
warning: NS_Millennium_Proof/Modules/ArnoldGeometric.lean:171:11: declaration uses `sorry`
warning: NS_Millennium_Proof/Modules/ArnoldGeometric.lean:174:11: declaration uses `sorry`
warning: NS_Millennium_Proof/Modules/ArnoldGeometric.lean:177:11: declaration uses `sorry`
warning: NS_Millennium_Proof/Modules/ArnoldGeometric.lean:235:8: declaration uses `sorry`
⚠ [8266/8285] Replayed NS_Millennium_Proof.Modules.ForMathlib.Projection
warning: NS_Millennium_Proof/Modules/ForMathlib/Projection.lean:46:8: declaration uses `sorry`
warning: NS_Millennium_Proof/Modules/ForMathlib/Projection.lean:61:8: declaration uses `sorry`
warning: NS_Millennium_Proof/Modules/ForMathlib/Projection.lean:120:8: declaration uses `sorry`
⚠ [8267/8285] Replayed NS_Millennium_Proof.Modules.SymplecticTether
warning: NS_Millennium_Proof/Modules/SymplecticTether.lean:269:25: declaration uses `sorry`
warning: NS_Millennium_Proof/Modules/SymplecticTether.lean:354:6: declaration uses `sorry`
warning: NS_Millennium_Proof/Modules/SymplecticTether.lean:363:6: declaration uses `sorry`
warning: NS_Millennium_Proof/Modules/SymplecticTether.lean:369:6: declaration uses `sorry`
warning: NS_Millennium_Proof/Modules/SymplecticTether.lean:430:15: declaration uses `sorry`
info: NS_Millennium_Proof/Modules/SymplecticTether.lean:801:0: '_private.NS_Millennium_Proof.Modules.SymplecticTether.0.FrohmanianTether.tethered_jacobi_identity' does not depend on any axioms
⚠ [8268/8285] Replayed NS_Millennium_Proof.Modules.IndependentMajorant
warning: NS_Millennium_Proof/Modules/IndependentMajorant.lean:25:4: declaration uses `sorry`
warning: NS_Millennium_Proof/Modules/IndependentMajorant.lean:31:8: declaration uses `sorry`
warning: NS_Millennium_Proof/Modules/IndependentMajorant.lean:50:8: declaration uses `sorry`
warning: NS_Millennium_Proof/Modules/IndependentMajorant.lean:63:4: declaration uses `sorry`
warning: NS_Millennium_Proof/Modules/IndependentMajorant.lean:73:4: declaration uses `sorry`
warning: NS_Millennium_Proof/Modules/IndependentMajorant.lean:76:4: declaration uses `sorry`
warning: NS_Millennium_Proof/Modules/IndependentMajorant.lean:80:4: declaration uses `sorry`
warning: NS_Millennium_Proof/Modules/IndependentMajorant.lean:84:6: declaration uses `sorry`
warning: NS_Millennium_Proof/Modules/IndependentMajorant.lean:94:6: declaration uses `sorry`
warning: NS_Millennium_Proof/Modules/IndependentMajorant.lean:102:6: declaration uses `sorry`
warning: NS_Millennium_Proof/Modules/IndependentMajorant.lean:111:6: declaration uses `sorry`
warning: NS_Millennium_Proof/Modules/IndependentMajorant.lean:119:6: declaration uses `sorry`
⚠ [8269/8285] Replayed NS_Millennium_Proof.Modules.TetheredLyapunov
warning: NS_Millennium_Proof/Modules/TetheredLyapunov.lean:463:4: declaration uses `sorry`
warning: NS_Millennium_Proof/Modules/TetheredLyapunov.lean:465:4: declaration uses `sorry`
warning: NS_Millennium_Proof/Modules/TetheredLyapunov.lean:473:4: declaration uses `sorry`
warning: NS_Millennium_Proof/Modules/TetheredLyapunov.lean:488:6: declaration uses `sorry`
warning: NS_Millennium_Proof/Modules/TetheredLyapunov.lean:605:25: unused variable `ε`

Note: This linter can be disabled with `set_option linter.unusedVariables false`
warning: NS_Millennium_Proof/Modules/TetheredLyapunov.lean:605:33: unused variable `ω`

Note: This linter can be disabled with `set_option linter.unusedVariables false`
warning: NS_Millennium_Proof/Modules/TetheredLyapunov.lean:605:58: unused variable `t`

Note: This linter can be disabled with `set_option linter.unusedVariables false`
warning: NS_Millennium_Proof/Modules/TetheredLyapunov.lean:609:35: unused variable `ε`

Note: This linter can be disabled with `set_option linter.unusedVariables false`
warning: NS_Millennium_Proof/Modules/TetheredLyapunov.lean:609:43: unused variable `ω`

Note: This linter can be disabled with `set_option linter.unusedVariables false`
warning: NS_Millennium_Proof/Modules/TetheredLyapunov.lean:609:68: unused variable `t`

Note: This linter can be disabled with `set_option linter.unusedVariables false`
warning: NS_Millennium_Proof/Modules/TetheredLyapunov.lean:719:18: declaration uses `sorry`
warning: NS_Millennium_Proof/Modules/TetheredLyapunov.lean:745:56: unused variable `hC`

Note: This linter can be disabled with `set_option linter.unusedVariables false`
warning: NS_Millennium_Proof/Modules/TetheredLyapunov.lean:745:69: unused variable `hκ`

Note: This linter can be disabled with `set_option linter.unusedVariables false`
warning: NS_Millennium_Proof/Modules/TetheredLyapunov.lean:914:5: unused variable `ε`

Note: This linter can be disabled with `set_option linter.unusedVariables false`
warning: NS_Millennium_Proof/Modules/TetheredLyapunov.lean:914:13: unused variable `ω`

Note: This linter can be disabled with `set_option linter.unusedVariables false`
warning: NS_Millennium_Proof/Modules/TetheredLyapunov.lean:914:38: unused variable `t`

Note: This linter can be disabled with `set_option linter.unusedVariables false`
warning: NS_Millennium_Proof/Modules/TetheredLyapunov.lean:914:46: unused variable `y0`

Note: This linter can be disabled with `set_option linter.unusedVariables false`
warning: NS_Millennium_Proof/Modules/TetheredLyapunov.lean:943:8: declaration uses `sorry`
warning: NS_Millennium_Proof/Modules/TetheredLyapunov.lean:1040:2: declaration uses `sorry`
warning: NS_Millennium_Proof/Modules/TetheredLyapunov.lean:987:8: declaration uses `sorry`
warning: NS_Millennium_Proof/Modules/TetheredLyapunov.lean:1044:15: declaration uses `sorry`
⚠ [8271/8285] Replayed NS_Millennium_Proof.Modules.Uniqueness
warning: NS_Millennium_Proof/Modules/Uniqueness.lean:97:5: unused variable `h_deg`

Note: This linter can be disabled with `set_option linter.unusedVariables false`
warning: NS_Millennium_Proof/Modules/Uniqueness.lean:111:5: unused variable `h_feedback`

Note: This linter can be disabled with `set_option linter.unusedVariables false`
warning: NS_Millennium_Proof/Modules/Uniqueness.lean:120:5: unused variable `h_deg`

Note: This linter can be disabled with `set_option linter.unusedVariables false`
⚠ [8272/8285] Replayed NS_Millennium_Proof.Modules.GlobalRegularity
warning: NS_Millennium_Proof/Modules/GlobalRegularity.lean:64:8: declaration uses `sorry`
warning: NS_Millennium_Proof/Modules/GlobalRegularity.lean:129:8: declaration uses `sorry`
info: NS_Millennium_Proof/Modules/GlobalRegularity.lean:278:0: '_private.NS_Millennium_Proof.Modules.GlobalRegularity.0.GlobalRegularity.frohmanian_tether_theorem' depends on axioms: [propext,
 sorryAx,
 Classical.choice,
 Quot.sound]
info: NS_Millennium_Proof/Modules/GlobalRegularity.lean:279:0: '_private.NS_Millennium_Proof.Modules.GlobalRegularity.0.GlobalRegularity.global_regularity_for_NS' depends on axioms: [propext,
 sorryAx,
 Classical.choice,
 Quot.sound]
⚠ [8281/8285] Replayed NS_Millennium_Proof.Widgets.TetheredNullifier
warning: NS_Millennium_Proof/Widgets/TetheredNullifier.lean:157:9: declaration uses `sorry`
⚠ [8284/8285] Built NS_Millennium_Proof.Definitions.FrohmanianTether (6.1s)
warning: NS_Millennium_Proof/Definitions/FrohmanianTether.lean:16:28: The namespace 'FrohmanianTether' is duplicated in the declaration 'FrohmanianTether.FrohmanianTether'

Note: This linter can be disabled with `set_option linter.dupNamespace false`
Build completed successfully (8285 jobs).
